Microsoft Windows [Version 10.0.19045.5371]
(c) Microsoft Corporation. All rights reserved.

C:\Users\JDiaz>cd C:\Users\...\Desktop\Maestria\4to Trimestre\Pruebas\Ejercicio 1

C:\Users\...\Desktop\Maestria\4to Trimestre\Pruebas\Ejercicio 1>computeStatistics.py

C:\Users\...\Desktop\Maestria\4to Trimestre\Pruebas\Ejercicio 1>
python computeStatistics.py
Type file name: TC1.txt
Ignoring not valid value: 405s
Count: 399
Mean: 241.91228070175438
Median: 239.0
Moda: 393.0
Standar Deviation: 145.39355644539617
Variance: 21139.2862558406
Execution time: 0.007759699999951408 seconds

C:\Users\...\Desktop\Maestria\4to Trimestre\Pruebas\Ejercicio 1>python computeStatistics.py
Type file name: TC2.txt
Count: 1977
Mean: 250.7840161861406
Median: 247.0
Moda: 230.0
Standar Deviation: 144.20779467138217
Variance: 20795.88804398352
Execution time: 0.1659973000005266 seconds

C:\Users\...\Desktop\Maestria\4to Trimestre\Pruebas\Ejercicio 1>python computeStatistics.py
Type file name: TC3.txt
Count: 12624
Mean: 249.77621989860583
Median: 249.0
Moda: 94.0
Standar Deviation: 145.32360576940658
Variance: 21118.950393821902
Execution time: 6.775320599999759 seconds

C:\Users\...\Desktop\Maestria\4to Trimestre\Pruebas\Ejercicio 1>python computeStatistics.py
Type file name: TC4.txt
Count: 12624
Mean: 149.00267347908746
Median: 147.75
Moda: 123.75
Standar Deviation: 130.41958525663003
Variance: 17009.268218511388
Execution time: 7.221391099999892 seconds

C:\Users\...\Desktop\Maestria\4to Trimestre\Pruebas\Ejercicio 1>python computeStatistics.py
Type file name: TC5.txt
Ignoring not valid value: ABA
Ignoring not valid value: 23,45
Ignoring not valid value: 11;54
Ignoring not valid value: ll
Count: 307
Mean: 241.49511400651465
Median: 241.0
Moda: 393.0
Standar Deviation: 145.7023416478609
Variance: 21229.17236166998
Execution time: 0.016337900000507943 seconds

C:\Users\...\Desktop\Maestria\4to Trimestre\Pruebas\Ejercicio 1>python computeStatistics.py
Type file name: TC6.txt
Count: 3000
Mean: 1.8790659927977473e+20
Median: 1.88008049965543e+20
Moda: 1.27620004531949e+20
Standar Deviation: 1.073999516576676e+20
Variance: 1.1534749616069336e+40
Execution time: 0.3926074000000881 seconds

C:\Users\...\Desktop\Maestria\4to Trimestre\Pruebas\Ejercicio 1>python computeStatistics.py
Type file name: TC7.txt
Ignoring not valid value: ABBA
Ignoring not valid value: ERROR
Count: 12767
Mean: 2.474673954997149e+20
Median: 2.4664097307429e+20
Moda: 1.57638329490099e+20
Standar Deviation: 1.4461131060123314e+20
Variance: 2.0912431153806324e+40
Execution time: 7.184677299999748 seconds

C:\Users\...\Desktop\Maestria\4to Trimestre\Pruebas\Ejercicio 1>